2026-09-03T15:13:58.268+07:00  INFO 20868 --- [manager_library] [restartedMain] c.e.m.ManagerLibraryApplication          : Starting ManagerLibraryApplication using Java 17.0.19 with PID 20868 (D:\Data\C1025L1-JV105\backend\module_9\bai_tap\manager_library\build\classes\java\main started by dc130 in D:\Data\C1025L1-JV105\backend\module_9\bai_tap\manager_library)
2026-09-03T15:13:58.269+07:00  INFO 20868 --- [manager_library] [restartedMain] c.e.m.ManagerLibraryApplication          : No active profile set, falling back to 1 default profile: "default"
2026-09-03T15:13:58.453+07:00  INFO 20868 --- [manager_library] [restartedMain] .s.d.r.c.RepositoryConfigurationDelegate : Bootstrapping Spring Data JPA repositories in DEFAULT mode.
2026-09-03T15:13:58.464+07:00  INFO 20868 --- [manager_library] [restartedMain] .s.d.r.c.RepositoryConfigurationDelegate : Finished Spring Data repository scanning in 10 ms. Found 2 JPA repository interfaces.
2026-09-03T15:13:58.580+07:00  INFO 20868 --- [manager_library] [restartedMain] o.s.b.w.embedded.tomcat.TomcatWebServer  : Tomcat initialized with port 8080 (http)
2026-09-03T15:13:58.581+07:00  INFO 20868 --- [manager_library] [restartedMain] o.apache.catalina.core.StandardService   : Starting service [Tomcat]
2026-09-03T15:13:58.581+07:00  INFO 20868 --- [manager_library] [restartedMain] o.apache.catalina.core.StandardEngine    : Starting Servlet engine: [Apache Tomcat/10.1.19]
2026-09-03T15:13:58.605+07:00  INFO 20868 --- [manager_library] [restartedMain] o.a.c.c.C.[Tomcat].[localhost].[/]       : Initializing Spring embedded WebApplicationContext
2026-09-03T15:13:58.605+07:00  INFO 20868 --- [manager_library] [restartedMain] w.s.c.ServletWebServerApplicationContext : Root WebApplicationContext: initialization completed in 334 ms
2026-09-03T15:13:58.663+07:00  INFO 20868 --- [manager_library] [restartedMain] o.hibernate.jpa.internal.util.LogHelper  : HHH000204: Processing PersistenceUnitInfo [name: default]
2026-09-03T15:13:58.667+07:00  INFO 20868 --- [manager_library] [restartedMain] o.h.c.internal.RegionFactoryInitiator    : HHH000026: Second-level cache disabled
2026-09-03T15:13:58.670+07:00  INFO 20868 --- [manager_library] [restartedMain] o.s.o.j.p.SpringPersistenceUnitInfo      : No LoadTimeWeaver setup: ignoring JPA class transformer
2026-09-03T15:13:58.672+07:00  INFO 20868 --- [manager_library] [restartedMain] com.zaxxer.hikari.HikariDataSource       : HikariPool-2 - Starting...
2026-09-03T15:13:58.675+07:00  INFO 20868 --- [manager_library] [restartedMain] com.zaxxer.hikari.pool.HikariPool        : HikariPool-2 - Added connection com.mysql.cj.jdbc.ConnectionImpl@73c2de89
2026-09-03T15:13:58.675+07:00  INFO 20868 --- [manager_library] [restartedMain] com.zaxxer.hikari.HikariDataSource       : HikariPool-2 - Start completed.
2026-09-03T15:13:58.677+07:00  WARN 20868 --- [manager_library] [restartedMain] org.hibernate.orm.deprecation            : HHH90000025: MySQLDialect does not need to be specified explicitly using 'hibernate.dialect' (remove the property setting and it will be selected by default)
2026-09-03T15:13:58.730+07:00  INFO 20868 --- [manager_library] [restartedMain] o.h.e.t.j.p.i.JtaPlatformInitiator       : HHH000489: No JTA platform available (set 'hibernate.transaction.jta.platform' to enable JTA platform integration)
2026-09-03T15:13:58.747+07:00  INFO 20868 --- [manager_library] [restartedMain] j.LocalContainerEntityManagerFactoryBean : Initialized JPA EntityManagerFactory for persistence unit 'default'
2026-09-03T15:13:58.869+07:00  WARN 20868 --- [manager_library] [restartedMain] JpaBaseConfiguration$JpaWebConfiguration : spring.jpa.open-in-view is enabled by default. Therefore, database queries may be performed during view rendering. Explicitly configure spring.jpa.open-in-view to disable this warning
2026-09-03T15:13:59.012+07:00  INFO 20868 --- [manager_library] [restartedMain] o.s.b.d.a.OptionalLiveReloadServer       : LiveReload server is running on port 35729
2026-09-03T15:13:59.024+07:00  INFO 20868 --- [manager_library] [restartedMain] o.s.b.w.embedded.tomcat.TomcatWebServer  : Tomcat started on port 8080 (http) with context path ''
2026-09-03T15:13:59.029+07:00  INFO 20868 --- [manager_library] [restartedMain] c.e.m.ManagerLibraryApplication          : Started ManagerLibraryApplication in 0.803 seconds (process running for 535.629)
2026-09-03T15:13:59.031+07:00  INFO 20868 --- [manager_library] [restartedMain] .ConditionEvaluationDeltaLoggingListener : Condition evaluation unchanged
2026-09-03T15:19:59.205+07:00  INFO 20868 --- [manager_library] [SpringApplicationShutdownHook] j.LocalContainerEntityManagerFactoryBean : Closing JPA EntityManagerFactory for persistence unit 'default'
2026-09-03T15:19:59.206+07:00  INFO 20868 --- [manager_library] [SpringApplicationShutdownHook] com.zaxxer.hikari.HikariDataSource       : HikariPool-2 - Shutdown initiated...
2026-09-03T15:19:59.208+07:00  INFO 20868 --- [manager_library] [SpringApplicationShutdownHook] com.zaxxer.hikari.HikariDataSource       : HikariPool-2 - Shutdown completed.
2026-09-03T15:20:02.230+07:00  INFO 19928 --- [manager_library] [restartedMain] c.e.m.ManagerLibraryApplication          : Starting ManagerLibraryApplication using Java 17.0.19 with PID 19928 (D:\Data\C1025L1-JV105\backend\module_9\bai_tap\manager_library\build\classes\java\main started by dc130 in D:\Data\C1025L1-JV105\backend\module_9\bai_tap\manager_library)
2026-09-03T15:20:02.233+07:00  INFO 19928 --- [manager_library] [restartedMain] c.e.m.ManagerLibraryApplication          : No active profile set, falling back to 1 default profile: "default"
2026-09-03T15:20:02.286+07:00  INFO 19928 --- [manager_library] [restartedMain] .e.DevToolsPropertyDefaultsPostProcessor : Devtools property defaults active! Set 'spring.devtools.add-properties' to 'false' to disable
2026-09-03T15:20:02.286+07:00  INFO 19928 --- [manager_library] [restartedMain] .e.DevToolsPropertyDefaultsPostProcessor : For additional web related logging consider setting the 'logging.level.web' property to 'DEBUG'
2026-09-03T15:20:02.992+07:00  INFO 19928 --- [manager_library] [restartedMain] .s.d.r.c.RepositoryConfigurationDelegate : Bootstrapping Spring Data JPA repositories in DEFAULT mode.
2026-09-03T15:20:03.058+07:00  INFO 19928 --- [manager_library] [restartedMain] .s.d.r.c.RepositoryConfigurationDelegate : Finished Spring Data repository scanning in 56 ms. Found 2 JPA repository interfaces.
2026-09-03T15:20:03.785+07:00  INFO 19928 --- [manager_library] [restartedMain] o.s.b.w.embedded.tomcat.TomcatWebServer  : Tomcat initialized with port 8080 (http)
2026-09-03T15:20:03.798+07:00  INFO 19928 --- [manager_library] [restartedMain] o.apache.catalina.core.StandardService   : Starting service [Tomcat]
2026-09-03T15:20:03.798+07:00  INFO 19928 --- [manager_library] [restartedMain] o.apache.catalina.core.StandardEngine    : Starting Servlet engine: [Apache Tomcat/10.1.19]
2026-09-03T15:20:03.857+07:00  INFO 19928 --- [manager_library] [restartedMain] o.a.c.c.C.[Tomcat].[localhost].[/]       : Initializing Spring embedded WebApplicationContext
2026-09-03T15:20:03.858+07:00  INFO 19928 --- [manager_library] [restartedMain] w.s.c.ServletWebServerApplicationContext : Root WebApplicationContext: initialization completed in 1570 ms
2026-09-03T15:20:04.034+07:00  INFO 19928 --- [manager_library] [restartedMain] o.hibernate.jpa.internal.util.LogHelper  : HHH000204: Processing PersistenceUnitInfo [name: default]
2026-09-03T15:20:04.078+07:00  INFO 19928 --- [manager_library] [restartedMain] org.hibernate.Version                    : HHH000412: Hibernate ORM core version 6.4.4.Final
2026-09-03T15:20:04.106+07:00  INFO 19928 --- [manager_library] [restartedMain] o.h.c.internal.RegionFactoryInitiator    : HHH000026: Second-level cache disabled
2026-09-03T15:20:04.324+07:00  INFO 19928 --- [manager_library] [restartedMain] o.s.o.j.p.SpringPersistenceUnitInfo      : No LoadTimeWeaver setup: ignoring JPA class transformer
2026-09-03T15:20:04.349+07:00  INFO 19928 --- [manager_library] [restartedMain] com.zaxxer.hikari.HikariDataSource       : HikariPool-1 - Starting...
2026-09-03T15:20:04.480+07:00  INFO 19928 --- [manager_library] [restartedMain] com.zaxxer.hikari.pool.HikariPool        : HikariPool-1 - Added connection com.mysql.cj.jdbc.ConnectionImpl@32b5e20a
2026-09-03T15:20:04.482+07:00  INFO 19928 --- [manager_library] [restartedMain] com.zaxxer.hikari.HikariDataSource       : HikariPool-1 - Start completed.
2026-09-03T15:20:04.533+07:00  WARN 19928 --- [manager_library] [restartedMain] org.hibernate.orm.deprecation            : HHH90000025: MySQLDialect does not need to be specified explicitly using 'hibernate.dialect' (remove the property setting and it will be selected by default)
2026-09-03T15:20:05.308+07:00  INFO 19928 --- [manager_library] [restartedMain] o.h.e.t.j.p.i.JtaPlatformInitiator       : HHH000489: No JTA platform available (set 'hibernate.transaction.jta.platform' to enable JTA platform integration)
2026-09-03T15:20:05.368+07:00  INFO 19928 --- [manager_library] [restartedMain] j.LocalContainerEntityManagerFactoryBean : Initialized JPA EntityManagerFactory for persistence unit 'default'
2026-09-03T15:20:05.765+07:00  INFO 19928 --- [manager_library] [restartedMain] o.s.d.j.r.query.QueryEnhancerFactory     : Hibernate is in classpath; If applicable, HQL parser will be used.
2026-09-03T15:20:06.180+07:00  WARN 19928 --- [manager_library] [restartedMain] JpaBaseConfiguration$JpaWebConfiguration : spring.jpa.open-in-view is enabled by default. Therefore, database queries may be performed during view rendering. Explicitly configure spring.jpa.open-in-view to disable this warning
2026-09-03T15:20:06.686+07:00  INFO 19928 --- [manager_library] [restartedMain] o.s.b.d.a.OptionalLiveReloadServer       : LiveReload server is running on port 35729
2026-09-03T15:20:06.722+07:00  INFO 19928 --- [manager_library] [restartedMain] o.s.b.w.embedded.tomcat.TomcatWebServer  : Tomcat started on port 8080 (http) with context path ''
2026-09-03T15:20:06.731+07:00  INFO 19928 --- [manager_library] [restartedMain] c.e.m.ManagerLibraryApplication          : Started ManagerLibraryApplication in 4.883 seconds (process running for 5.494)
2026-09-03T15:20:52.362+07:00  INFO 19928 --- [manager_library] [http-nio-8080-exec-1] o.a.c.c.C.[Tomcat].[localhost].[/]       : Initializing Spring DispatcherServlet 'dispatcherServlet'
2026-09-03T15:20:52.362+07:00  INFO 19928 --- [manager_library] [http-nio-8080-exec-1] o.s.web.servlet.DispatcherServlet        : Initializing Servlet 'dispatcherServlet'
2026-09-03T15:20:52.364+07:00  INFO 19928 --- [manager_library] [http-nio-8080-exec-1] o.s.web.servlet.DispatcherServlet        : Completed initialization in 1 ms
2026-09-03T15:20:52.402+07:00  INFO 19928 --- [manager_library] [http-nio-8080-exec-1] c.e.manager_library.aop.LibraryLogger    : ? Have a visitor! current total visitor: 1
2026-09-03T15:21:09.872+07:00  INFO 19928 --- [manager_library] [http-nio-8080-exec-2] c.e.manager_library.aop.LibraryLogger    : ? Have a visitor! current total visitor: 2
2026-09-03T15:21:11.221+07:00  INFO 19928 --- [manager_library] [http-nio-8080-exec-3] c.e.manager_library.aop.LibraryLogger    : ? Have a visitor! current total visitor: 3
2026-09-03T15:21:41.463+07:00  INFO 19928 --- [manager_library] [http-nio-8080-exec-9] c.e.manager_library.aop.LibraryLogger    : ? Have a visitor! current total visitor: 4
2026-09-03T15:21:41.483+07:00  INFO 19928 --- [manager_library] [http-nio-8080-exec-9] c.e.manager_library.aop.LibraryLogger    : >>> the state book is changing. at method: confirmBorrowing
2026-09-03T15:21:41.512+07:00  INFO 19928 --- [manager_library] [http-nio-8080-exec-5] c.e.manager_library.aop.LibraryLogger    : ? Have a visitor! current total visitor: 5
2026-09-03T15:22:02.596+07:00  INFO 19928 --- [manager_library] [http-nio-8080-exec-7] c.e.manager_library.aop.LibraryLogger    : ? Have a visitor! current total visitor: 6
2026-09-03T15:22:12.538+07:00  INFO 19928 --- [manager_library] [http-nio-8080-exec-8] c.e.manager_library.aop.LibraryLogger    : ? Have a visitor! current total visitor: 7
2026-09-03T15:22:17.200+07:00  INFO 19928 --- [manager_library] [http-nio-8080-exec-4] c.e.manager_library.aop.LibraryLogger    : ? Have a visitor! current total visitor: 8
2026-09-03T15:22:18.730+07:00  INFO 19928 --- [manager_library] [http-nio-8080-exec-10] c.e.manager_library.aop.LibraryLogger    : ? Have a visitor! current total visitor: 9
2026-09-03T15:22:18.738+07:00  INFO 19928 --- [manager_library] [http-nio-8080-exec-10] c.e.manager_library.aop.LibraryLogger    : >>> the state book is changing. at method: returnBook
2026-09-03T15:22:18.752+07:00  INFO 19928 --- [manager_library] [http-nio-8080-exec-1] c.e.manager_library.aop.LibraryLogger    : ? Have a visitor! current total visitor: 10
2026-09-03T15:22:24.543+07:00  INFO 19928 --- [manager_library] [http-nio-8080-exec-2] c.e.manager_library.aop.LibraryLogger    : ? Have a visitor! current total visitor: 11
2026-09-03T15:22:25.692+07:00  INFO 19928 --- [manager_library] [http-nio-8080-exec-3] c.e.manager_library.aop.LibraryLogger    : ? Have a visitor! current total visitor: 12
2026-09-03T15:22:25.700+07:00  INFO 19928 --- [manager_library] [http-nio-8080-exec-3] c.e.manager_library.aop.LibraryLogger    : >>> the state book is changing. at method: returnBook
2026-09-03T15:22:25.713+07:00  INFO 19928 --- [manager_library] [http-nio-8080-exec-9] c.e.manager_library.aop.LibraryLogger    : ? Have a visitor! current total visitor: 13
2026-09-03T15:22:28.299+07:00  INFO 19928 --- [manager_library] [http-nio-8080-exec-5] c.e.manager_library.aop.LibraryLogger    : ? Have a visitor! current total visitor: 14
2026-09-03T15:22:38.043+07:00  INFO 19928 --- [manager_library] [http-nio-8080-exec-6] c.e.manager_library.aop.LibraryLogger    : ? Have a visitor! current total visitor: 15
2026-09-03T15:22:39.321+07:00  INFO 19928 --- [manager_library] [http-nio-8080-exec-7] c.e.manager_library.aop.LibraryLogger    : ? Have a visitor! current total visitor: 16
2026-09-03T15:22:43.605+07:00  INFO 19928 --- [manager_library] [http-nio-8080-exec-8] c.e.manager_library.aop.LibraryLogger    : ? Have a visitor! current total visitor: 17
2026-09-03T15:22:43.612+07:00  INFO 19928 --- [manager_library] [http-nio-8080-exec-8] c.e.manager_library.aop.LibraryLogger    : >>> the state book is changing. at method: confirmBorrowing
2026-09-03T15:22:43.626+07:00  INFO 19928 --- [manager_library] [http-nio-8080-exec-4] c.e.manager_library.aop.LibraryLogger    : ? Have a visitor! current total visitor: 18
2026-09-03T15:22:46.980+07:00  INFO 19928 --- [manager_library] [http-nio-8080-exec-10] c.e.manager_library.aop.LibraryLogger    : ? Have a visitor! current total visitor: 19
2026-09-03T15:22:49.895+07:00  INFO 19928 --- [manager_library] [http-nio-8080-exec-1] c.e.manager_library.aop.LibraryLogger    : ? Have a visitor! current total visitor: 20
2026-09-03T15:22:53.125+07:00  INFO 19928 --- [manager_library] [http-nio-8080-exec-2] c.e.manager_library.aop.LibraryLogger    : ? Have a visitor! current total visitor: 21
2026-09-03T15:24:11.022+07:00  INFO 19928 --- [manager_library] [SpringApplicationShutdownHook] j.LocalContainerEntityManagerFactoryBean : Closing JPA EntityManagerFactory for persistence unit 'default'
2026-09-03T15:24:11.025+07:00  INFO 19928 --- [manager_library] [SpringApplicationShutdownHook] com.zaxxer.hikari.HikariDataSource       : HikariPool-1 - Shutdown initiated...
2026-09-03T15:24:11.031+07:00  INFO 19928 --- [manager_library] [SpringApplicationShutdownHook] com.zaxxer.hikari.HikariDataSource       : HikariPool-1 - Shutdown completed.
